# Test the parser on a file that contains 3 heros from different comics

# Load a graph from tsv file that contains 3 heros from different comics
loaded graph noEdgeGraph

# Print the heros in the graph
noEdgeGraph contains: hero1 hero2 hero3

# Print the outgoing edges from each hero in the graph
the children of hero1 in noEdgeGraph are:
the children of hero2 in noEdgeGraph are:
the children of hero3 in noEdgeGraph are: